Copyright 1986-2020 Xilinx, Inc. All Rights Reserved.
----------------------------------------------------------------------------------------------
| Tool Version : Vivado v.2020.1 (win64) Build 2902540 Wed May 27 19:54:49 MDT 2020
| Date         : Sun Apr 19 20:04:51 2026
| Host         : DESKTOP-2HIMGAT running 64-bit major release  (build 9200)
| Command      : report_control_sets -verbose -file TopLevelProcessor_control_sets_placed.rpt
| Design       : TopLevelProcessor
| Device       : xc7a35t
----------------------------------------------------------------------------------------------

Control Set Information

Table of Contents
-----------------
1. Summary
2. Histogram
3. Flip-Flop Distribution
4. Detailed Control Set Information

1. Summary
----------

+----------------------------------------------------------+-------+
|                          Status                          | Count |
+----------------------------------------------------------+-------+
| Total control sets                                       |   289 |
|    Minimum number of control sets                        |   289 |
|    Addition due to synthesis replication                 |     0 |
|    Addition due to physical synthesis replication        |     0 |
| Unused register locations in slices containing registers |     0 |
+----------------------------------------------------------+-------+
* Control sets can be merged at opt_design using control_set_merge or merge_equivalent_drivers
** Run report_qor_suggestions for automated merging and remapping suggestions


2. Histogram
------------

+--------------------+-------+
|       Fanout       | Count |
+--------------------+-------+
| Total control sets |   289 |
| >= 0 to < 4        |     0 |
| >= 4 to < 6        |     0 |
| >= 6 to < 8        |     0 |
| >= 8 to < 10       |     0 |
| >= 10 to < 12      |     0 |
| >= 12 to < 14      |     0 |
| >= 14 to < 16      |     0 |
| >= 16              |   289 |
+--------------------+-------+
* Control sets can be remapped at either synth_design or opt_design


3. Flip-Flop Distribution
-------------------------

+--------------+-----------------------+------------------------+-----------------+--------------+
| Clock Enable | Synchronous Set/Reset | Asynchronous Set/Reset | Total Registers | Total Slices |
+--------------+-----------------------+------------------------+-----------------+--------------+
| No           | No                    | No                     |               0 |            0 |
| No           | No                    | Yes                    |              16 |            6 |
| No           | Yes                   | No                     |               0 |            0 |
| Yes          | No                    | No                     |               0 |            0 |
| Yes          | No                    | Yes                    |              16 |           12 |
| Yes          | Yes                   | No                     |            9184 |         3895 |
+--------------+-----------------------+------------------------+-----------------+--------------+


4. Detailed Control Set Information
-----------------------------------

+----------------+-------------------------------+------------------+------------------+----------------+--------------+
|  Clock Signal  |         Enable Signal         | Set/Reset Signal | Slice Load Count | Bel Load Count | Bels / Slice |
+----------------+-------------------------------+------------------+------------------+----------------+--------------+
|  clk_IBUF_BUFG |                               | rst_IBUF         |                6 |             16 |         2.67 |
|  clk_IBUF_BUFG | u_PC/MemWrite                 | rst_IBUF         |               12 |             16 |         1.33 |
|  clk_IBUF_BUFG | u_PC/memory[35][31]_i_3_0[0]  | rst_IBUF         |               13 |             32 |         2.46 |
|  clk_IBUF_BUFG | u_PC/memory[48][31]_i_2_0[0]  | rst_IBUF         |               24 |             32 |         1.33 |
|  clk_IBUF_BUFG | u_PC/memory[48][31]_i_2_7[0]  | rst_IBUF         |               22 |             32 |         1.45 |
|  clk_IBUF_BUFG | u_PC/memory[224][31]_i_3_0[0] | rst_IBUF         |                9 |             32 |         3.56 |
|  clk_IBUF_BUFG | u_PC/memory[32][31]_i_2_4[0]  | rst_IBUF         |               12 |             32 |         2.67 |
|  clk_IBUF_BUFG | u_PC/memory[32][31]_i_2_5[0]  | rst_IBUF         |               13 |             32 |         2.46 |
|  clk_IBUF_BUFG | u_PC/memory[48][31]_i_2_1[0]  | rst_IBUF         |               19 |             32 |         1.68 |
|  clk_IBUF_BUFG | u_PC/memory[41][31]_i_2_0[0]  | rst_IBUF         |               15 |             32 |         2.13 |
|  clk_IBUF_BUFG | u_PC/memory[48][31]_i_2_4[0]  | rst_IBUF         |               12 |             32 |         2.67 |
|  clk_IBUF_BUFG | u_PC/memory[4][31]_i_3_0[0]   | rst_IBUF         |               15 |             32 |         2.13 |
|  clk_IBUF_BUFG | u_PC/memory[23][31]_i_2_0[0]  | rst_IBUF         |               14 |             32 |         2.29 |
|  clk_IBUF_BUFG | u_PC/memory[35][31]_i_3_1[0]  | rst_IBUF         |               18 |             32 |         1.78 |
|  clk_IBUF_BUFG | u_PC/memory[37][31]_i_2_3[0]  | rst_IBUF         |               20 |             32 |         1.60 |
|  clk_IBUF_BUFG | u_PC/memory[48][31]_i_2_5[0]  | rst_IBUF         |               15 |             32 |         2.13 |
|  clk_IBUF_BUFG | u_PC/memory[4][31]_i_3_3[0]   | rst_IBUF         |               14 |             32 |         2.29 |
|  clk_IBUF_BUFG | u_PC/memory[32][31]_i_2_3[0]  | rst_IBUF         |               19 |             32 |         1.68 |
|  clk_IBUF_BUFG | u_PC/memory[48][31]_i_2_2[0]  | rst_IBUF         |               19 |             32 |         1.68 |
|  clk_IBUF_BUFG | u_PC/memory[32][31]_i_2_1[0]  | rst_IBUF         |               15 |             32 |         2.13 |
|  clk_IBUF_BUFG | u_PC/memory[37][31]_i_2_1[0]  | rst_IBUF         |               13 |             32 |         2.46 |
|  clk_IBUF_BUFG | u_PC/memory[64][31]_i_3_3[0]  | rst_IBUF         |               15 |             32 |         2.13 |
|  clk_IBUF_BUFG | u_PC/memory[64][31]_i_4_1[0]  | rst_IBUF         |                8 |             32 |         4.00 |
|  clk_IBUF_BUFG | u_PC/memory[65][31]_i_3_1[0]  | rst_IBUF         |                9 |             32 |         3.56 |
|  clk_IBUF_BUFG | u_PC/memory[48][31]_i_2_3[0]  | rst_IBUF         |               12 |             32 |         2.67 |
|  clk_IBUF_BUFG | u_PC/memory[65][31]_i_3_11[0] | rst_IBUF         |                9 |             32 |         3.56 |
|  clk_IBUF_BUFG | u_PC/memory[48][31]_i_2_6[0]  | rst_IBUF         |               16 |             32 |         2.00 |
|  clk_IBUF_BUFG | u_PC/memory[4][31]_i_3_6[0]   | rst_IBUF         |                8 |             32 |         4.00 |
|  clk_IBUF_BUFG | u_PC/memory[65][31]_i_3_12[0] | rst_IBUF         |               12 |             32 |         2.67 |
|  clk_IBUF_BUFG | u_PC/memory[32][31]_i_2_0[0]  | rst_IBUF         |               14 |             32 |         2.29 |
|  clk_IBUF_BUFG | u_PC/memory[37][31]_i_2_0[0]  | rst_IBUF         |               15 |             32 |         2.13 |
|  clk_IBUF_BUFG | u_PC/memory[4][31]_i_3_2[0]   | rst_IBUF         |               14 |             32 |         2.29 |
|  clk_IBUF_BUFG | u_PC/memory[41][31]_i_2_1[0]  | rst_IBUF         |               15 |             32 |         2.13 |
|  clk_IBUF_BUFG | u_PC/memory[4][31]_i_3_5[0]   | rst_IBUF         |               10 |             32 |         3.20 |
|  clk_IBUF_BUFG | u_PC/memory[64][31]_i_3_0[0]  | rst_IBUF         |               13 |             32 |         2.46 |
|  clk_IBUF_BUFG | u_PC/memory[64][31]_i_3_1[0]  | rst_IBUF         |               10 |             32 |         3.20 |
|  clk_IBUF_BUFG | u_PC/memory[64][31]_i_4_2[0]  | rst_IBUF         |               11 |             32 |         2.91 |
|  clk_IBUF_BUFG | u_PC/memory[64][31]_i_4_3[0]  | rst_IBUF         |               15 |             32 |         2.13 |
|  clk_IBUF_BUFG | u_PC/memory[65][31]_i_3_13[0] | rst_IBUF         |                9 |             32 |         3.56 |
|  clk_IBUF_BUFG | u_PC/memory[64][31]_i_3_2[0]  | rst_IBUF         |               11 |             32 |         2.91 |
|  clk_IBUF_BUFG | u_PC/memory[65][31]_i_3_0[0]  | rst_IBUF         |                8 |             32 |         4.00 |
|  clk_IBUF_BUFG | u_PC/memory[41][31]_i_2_2[0]  | rst_IBUF         |               18 |             32 |         1.78 |
|  clk_IBUF_BUFG | u_PC/memory[31][31]_i_3_0[0]  | rst_IBUF         |               26 |             32 |         1.23 |
|  clk_IBUF_BUFG | u_PC/memory[31][31]_i_3_1[0]  | rst_IBUF         |               12 |             32 |         2.67 |
|  clk_IBUF_BUFG | u_PC/memory[35][31]_i_3_2[0]  | rst_IBUF         |               12 |             32 |         2.67 |
|  clk_IBUF_BUFG | u_PC/memory[36][31]_i_2_0[0]  | rst_IBUF         |               13 |             32 |         2.46 |
|  clk_IBUF_BUFG | u_PC/memory[4][31]_i_3_4[0]   | rst_IBUF         |               12 |             32 |         2.67 |
|  clk_IBUF_BUFG | u_PC/memory[64][31]_i_3_4[0]  | rst_IBUF         |               11 |             32 |         2.91 |
|  clk_IBUF_BUFG | u_PC/memory[64][31]_i_3_5[0]  | rst_IBUF         |               13 |             32 |         2.46 |
|  clk_IBUF_BUFG | u_PC/memory[65][31]_i_3_15[0] | rst_IBUF         |               15 |             32 |         2.13 |
|  clk_IBUF_BUFG | u_PC/memory[32][31]_i_2_2[0]  | rst_IBUF         |               13 |             32 |         2.46 |
|  clk_IBUF_BUFG | u_PC/memory[37][31]_i_2_2[0]  | rst_IBUF         |               18 |             32 |         1.78 |
|  clk_IBUF_BUFG | u_PC/memory[65][31]_i_3_16[0] | rst_IBUF         |                9 |             32 |         3.56 |
|  clk_IBUF_BUFG | u_PC/memory[65][31]_i_3_17[0] | rst_IBUF         |               15 |             32 |         2.13 |
|  clk_IBUF_BUFG | u_PC/memory[65][31]_i_3_18[0] | rst_IBUF         |               15 |             32 |         2.13 |
|  clk_IBUF_BUFG | u_PC/memory[65][31]_i_3_19[0] | rst_IBUF         |               11 |             32 |         2.91 |
|  clk_IBUF_BUFG | u_PC/memory[65][31]_i_3_2[0]  | rst_IBUF         |                9 |             32 |         3.56 |
|  clk_IBUF_BUFG | u_PC/memory[65][31]_i_3_20[0] | rst_IBUF         |               15 |             32 |         2.13 |
|  clk_IBUF_BUFG | u_PC/memory[4][31]_i_3_1[0]   | rst_IBUF         |               18 |             32 |         1.78 |
|  clk_IBUF_BUFG | u_PC/memory[224][31]_i_3_1[0] | rst_IBUF         |               11 |             32 |         2.91 |
|  clk_IBUF_BUFG | u_PC/memory[35][31]_i_2_0[0]  | rst_IBUF         |               13 |             32 |         2.46 |
|  clk_IBUF_BUFG | u_PC/memory[64][31]_i_4_0[0]  | rst_IBUF         |                9 |             32 |         3.56 |
|  clk_IBUF_BUFG | u_PC/memory[65][31]_i_3_10[0] | rst_IBUF         |                9 |             32 |         3.56 |
|  clk_IBUF_BUFG | u_PC/memory[65][31]_i_3_14[0] | rst_IBUF         |               10 |             32 |         3.20 |
|  clk_IBUF_BUFG | u_PC/memory[65][31]_i_3_21[0] | rst_IBUF         |               14 |             32 |         2.29 |
|  clk_IBUF_BUFG | u_PC/memory[66][31]_i_2_3[0]  | rst_IBUF         |                9 |             32 |         3.56 |
|  clk_IBUF_BUFG | u_PC/memory[67][31]_i_2_2[0]  | rst_IBUF         |               11 |             32 |         2.91 |
|  clk_IBUF_BUFG | u_PC/memory[79][31]_i_3_13[0] | rst_IBUF         |               14 |             32 |         2.29 |
|  clk_IBUF_BUFG | u_PC/memory[79][31]_i_3_6[0]  | rst_IBUF         |               15 |             32 |         2.13 |
|  clk_IBUF_BUFG | u_PC/memory[79][31]_i_3_8[0]  | rst_IBUF         |               19 |             32 |         1.68 |
|  clk_IBUF_BUFG | u_PC/memory[80][31]_i_2_11[0] | rst_IBUF         |               15 |             32 |         2.13 |
|  clk_IBUF_BUFG | u_PC/memory[66][31]_i_2_2[0]  | rst_IBUF         |               11 |             32 |         2.91 |
|  clk_IBUF_BUFG | u_PC/memory[68][31]_i_2_0[0]  | rst_IBUF         |                8 |             32 |         4.00 |
|  clk_IBUF_BUFG | u_PC/memory[66][31]_i_2_1[0]  | rst_IBUF         |               12 |             32 |         2.67 |
|  clk_IBUF_BUFG | u_PC/memory[72][31]_i_2_0[0]  | rst_IBUF         |               11 |             32 |         2.91 |
|  clk_IBUF_BUFG | u_PC/memory[80][31]_i_2_13[0] | rst_IBUF         |               13 |             32 |         2.46 |
|  clk_IBUF_BUFG | u_PC/memory[79][31]_i_3_11[0] | rst_IBUF         |               11 |             32 |         2.91 |
|  clk_IBUF_BUFG | u_PC/memory[80][31]_i_2_1[0]  | rst_IBUF         |               14 |             32 |         2.29 |
|  clk_IBUF_BUFG | u_PC/memory[80][31]_i_2_4[0]  | rst_IBUF         |               15 |             32 |         2.13 |
|  clk_IBUF_BUFG | u_PC/memory[80][31]_i_2_5[0]  | rst_IBUF         |               13 |             32 |         2.46 |
|  clk_IBUF_BUFG | u_PC/memory[66][31]_i_2_0[0]  | rst_IBUF         |               13 |             32 |         2.46 |
|  clk_IBUF_BUFG | u_PC/memory[67][31]_i_2_0[0]  | rst_IBUF         |               11 |             32 |         2.91 |
|  clk_IBUF_BUFG | u_PC/memory[80][31]_i_2_6[0]  | rst_IBUF         |               13 |             32 |         2.46 |
|  clk_IBUF_BUFG | u_PC/memory[74][31]_i_2_2[0]  | rst_IBUF         |               15 |             32 |         2.13 |
|  clk_IBUF_BUFG | u_PC/memory[79][31]_i_3_2[0]  | rst_IBUF         |                9 |             32 |         3.56 |
|  clk_IBUF_BUFG | u_PC/memory[65][31]_i_3_5[0]  | rst_IBUF         |                9 |             32 |         3.56 |
|  clk_IBUF_BUFG | u_PC/memory[79][31]_i_3_3[0]  | rst_IBUF         |               14 |             32 |         2.29 |
|  clk_IBUF_BUFG | u_PC/memory[79][31]_i_3_5[0]  | rst_IBUF         |               11 |             32 |         2.91 |
|  clk_IBUF_BUFG | u_PC/memory[80][31]_i_2_0[0]  | rst_IBUF         |               18 |             32 |         1.78 |
|  clk_IBUF_BUFG | u_PC/memory[80][31]_i_2_12[0] | rst_IBUF         |               12 |             32 |         2.67 |
|  clk_IBUF_BUFG | u_PC/memory[80][31]_i_2_10[0] | rst_IBUF         |               11 |             32 |         2.91 |
|  clk_IBUF_BUFG | u_PC/memory[80][31]_i_2_8[0]  | rst_IBUF         |               16 |             32 |         2.00 |
|  clk_IBUF_BUFG | u_PC/memory[80][31]_i_2_9[0]  | rst_IBUF         |               15 |             32 |         2.13 |
|  clk_IBUF_BUFG | u_PC/memory[81][31]_i_2_0[0]  | rst_IBUF         |               14 |             32 |         2.29 |
|  clk_IBUF_BUFG | u_PC/memory[81][31]_i_2_1[0]  | rst_IBUF         |               14 |             32 |         2.29 |
|  clk_IBUF_BUFG | u_PC/memory[65][31]_i_5_0[0]  | rst_IBUF         |               10 |             32 |         3.20 |
|  clk_IBUF_BUFG | u_PC/memory[80][31]_i_2_3[0]  | rst_IBUF         |               18 |             32 |         1.78 |
|  clk_IBUF_BUFG | u_PC/memory[67][31]_i_2_1[0]  | rst_IBUF         |               10 |             32 |         3.20 |
|  clk_IBUF_BUFG | u_PC/memory[81][31]_i_2_2[0]  | rst_IBUF         |               12 |             32 |         2.67 |
|  clk_IBUF_BUFG | u_PC/memory[65][31]_i_3_9[0]  | rst_IBUF         |               13 |             32 |         2.46 |
|  clk_IBUF_BUFG | u_PC/memory[65][31]_i_3_3[0]  | rst_IBUF         |               12 |             32 |         2.67 |
|  clk_IBUF_BUFG | u_PC/memory[79][31]_i_3_12[0] | rst_IBUF         |               13 |             32 |         2.46 |
|  clk_IBUF_BUFG | u_PC/memory[80][31]_i_2_14[0] | rst_IBUF         |               16 |             32 |         2.00 |
|  clk_IBUF_BUFG | u_PC/memory[67][31]_i_2_3[0]  | rst_IBUF         |                9 |             32 |         3.56 |
|  clk_IBUF_BUFG | u_PC/memory[79][31]_i_3_14[0] | rst_IBUF         |               12 |             32 |         2.67 |
|  clk_IBUF_BUFG | u_PC/memory[80][31]_i_2_7[0]  | rst_IBUF         |               16 |             32 |         2.00 |
|  clk_IBUF_BUFG | u_PC/memory[81][31]_i_2_4[0]  | rst_IBUF         |                9 |             32 |         3.56 |
|  clk_IBUF_BUFG | u_PC/memory[81][31]_i_2_7[0]  | rst_IBUF         |               14 |             32 |         2.29 |
|  clk_IBUF_BUFG | u_PC/memory[79][31]_i_3_0[0]  | rst_IBUF         |               20 |             32 |         1.60 |
|  clk_IBUF_BUFG | u_PC/memory[81][31]_i_2_8[0]  | rst_IBUF         |               11 |             32 |         2.91 |
|  clk_IBUF_BUFG | u_PC/memory[79][31]_i_3_1[0]  | rst_IBUF         |                9 |             32 |         3.56 |
|  clk_IBUF_BUFG | u_PC/memory[65][31]_i_3_7[0]  | rst_IBUF         |               13 |             32 |         2.46 |
|  clk_IBUF_BUFG | u_PC/memory[65][31]_i_3_4[0]  | rst_IBUF         |               10 |             32 |         3.20 |
|  clk_IBUF_BUFG | u_PC/memory[74][31]_i_2_0[0]  | rst_IBUF         |               11 |             32 |         2.91 |
|  clk_IBUF_BUFG | u_PC/memory[79][31]_i_3_4[0]  | rst_IBUF         |               18 |             32 |         1.78 |
|  clk_IBUF_BUFG | u_PC/memory[79][31]_i_3_7[0]  | rst_IBUF         |               20 |             32 |         1.60 |
|  clk_IBUF_BUFG | u_PC/memory[81][31]_i_2_3[0]  | rst_IBUF         |               13 |             32 |         2.46 |
|  clk_IBUF_BUFG | u_PC/memory[81][31]_i_2_5[0]  | rst_IBUF         |               11 |             32 |         2.91 |
|  clk_IBUF_BUFG | u_PC/memory[81][31]_i_2_6[0]  | rst_IBUF         |               13 |             32 |         2.46 |
|  clk_IBUF_BUFG | u_PC/memory[72][31]_i_3_0[0]  | rst_IBUF         |               11 |             32 |         2.91 |
|  clk_IBUF_BUFG | u_PC/memory[80][31]_i_2_2[0]  | rst_IBUF         |               11 |             32 |         2.91 |
|  clk_IBUF_BUFG | u_PC/memory[74][31]_i_2_3[0]  | rst_IBUF         |               13 |             32 |         2.46 |
|  clk_IBUF_BUFG | u_PC/memory[81][31]_i_2_9[0]  | rst_IBUF         |               14 |             32 |         2.29 |
|  clk_IBUF_BUFG | u_PC/memory[83][31]_i_2_0[0]  | rst_IBUF         |               12 |             32 |         2.67 |
|  clk_IBUF_BUFG | u_PC/memory[74][31]_i_2_1[0]  | rst_IBUF         |               10 |             32 |         3.20 |
|  clk_IBUF_BUFG | u_PC/memory[79][31]_i_3_9[0]  | rst_IBUF         |               11 |             32 |         2.91 |
|  clk_IBUF_BUFG | u_PC/memory[65][31]_i_3_8[0]  | rst_IBUF         |               11 |             32 |         2.91 |
|  clk_IBUF_BUFG | u_PC/memory[65][31]_i_3_6[0]  | rst_IBUF         |                7 |             32 |         4.57 |
|  clk_IBUF_BUFG | u_PC/memory[79][31]_i_3_10[0] | rst_IBUF         |               10 |             32 |         3.20 |
|  clk_IBUF_BUFG | u_PC/memory[96][31]_i_2_3[0]  | rst_IBUF         |               10 |             32 |         3.20 |
|  clk_IBUF_BUFG | u_PC/memory[96][31]_i_2_1[0]  | rst_IBUF         |               13 |             32 |         2.46 |
|  clk_IBUF_BUFG | u_PC/memory[96][31]_i_2_0[0]  | rst_IBUF         |               16 |             32 |         2.00 |
|  clk_IBUF_BUFG | u_PC/memory[96][31]_i_2_4[0]  | rst_IBUF         |               17 |             32 |         1.88 |
|  clk_IBUF_BUFG | u_PC/memory[96][31]_i_2_2[0]  | rst_IBUF         |               12 |             32 |         2.67 |
|  clk_IBUF_BUFG | u_PC/memory[83][31]_i_2_1[0]  | rst_IBUF         |               12 |             32 |         2.67 |
|  clk_IBUF_BUFG | u_PC/memory[83][31]_i_2_2[0]  | rst_IBUF         |               12 |             32 |         2.67 |
|  clk_IBUF_BUFG | u_PC/memory[145][31]_i_2_5[0] | rst_IBUF         |               16 |             32 |         2.00 |
|  clk_IBUF_BUFG | u_PC/memory[17][31]_i_2_0[0]  | rst_IBUF         |               12 |             32 |         2.67 |
|  clk_IBUF_BUFG | u_PC/memory[144][31]_i_2_3[0] | rst_IBUF         |               15 |             32 |         2.13 |
|  clk_IBUF_BUFG | u_PC/memory[160][31]_i_2_0[0] | rst_IBUF         |               18 |             32 |         1.78 |
|  clk_IBUF_BUFG | u_PC/memory[17][31]_i_2_1[0]  | rst_IBUF         |               12 |             32 |         2.67 |
|  clk_IBUF_BUFG | u_PC/memory[17][31]_i_2_5[0]  | rst_IBUF         |               12 |             32 |         2.67 |
|  clk_IBUF_BUFG | u_PC/memory[145][31]_i_2_0[0] | rst_IBUF         |                9 |             32 |         3.56 |
|  clk_IBUF_BUFG | u_PC/memory[145][31]_i_2_1[0] | rst_IBUF         |               15 |             32 |         2.13 |
|  clk_IBUF_BUFG | u_PC/memory[16][31]_i_4_0[0]  | rst_IBUF         |               13 |             32 |         2.46 |
|  clk_IBUF_BUFG | u_PC/memory[16][31]_i_4_1[0]  | rst_IBUF         |               19 |             32 |         1.68 |
|  clk_IBUF_BUFG | u_PC/memory[143][31]_i_3_2[0] | rst_IBUF         |               15 |             32 |         2.13 |
|  clk_IBUF_BUFG | u_PC/memory[16][31]_i_4_11[0] | rst_IBUF         |               11 |             32 |         2.91 |
|  clk_IBUF_BUFG | u_PC/memory[16][31]_i_4_15[0] | rst_IBUF         |               10 |             32 |         3.20 |
|  clk_IBUF_BUFG | u_PC/memory[143][31]_i_3_3[0] | rst_IBUF         |               14 |             32 |         2.29 |
|  clk_IBUF_BUFG | u_PC/memory[16][31]_i_4_14[0] | rst_IBUF         |               12 |             32 |         2.67 |
|  clk_IBUF_BUFG | u_PC/memory[145][31]_i_2_4[0] | rst_IBUF         |               12 |             32 |         2.67 |
|  clk_IBUF_BUFG | u_PC/memory[143][31]_i_3_1[0] | rst_IBUF         |               10 |             32 |         3.20 |
|  clk_IBUF_BUFG | u_PC/memory[16][31]_i_4_10[0] | rst_IBUF         |               10 |             32 |         3.20 |
|  clk_IBUF_BUFG | u_PC/memory[171][31]_i_2_0[0] | rst_IBUF         |               13 |             32 |         2.46 |
|  clk_IBUF_BUFG | u_PC/memory[145][31]_i_2_8[0] | rst_IBUF         |                9 |             32 |         3.56 |
|  clk_IBUF_BUFG | u_PC/memory[17][31]_i_2_2[0]  | rst_IBUF         |               16 |             32 |         2.00 |
|  clk_IBUF_BUFG | u_PC/memory[16][31]_i_4_8[0]  | rst_IBUF         |               11 |             32 |         2.91 |
|  clk_IBUF_BUFG | u_PC/memory[16][31]_i_4_7[0]  | rst_IBUF         |               12 |             32 |         2.67 |
|  clk_IBUF_BUFG | u_PC/memory[17][31]_i_2_11[0] | rst_IBUF         |               13 |             32 |         2.46 |
|  clk_IBUF_BUFG | u_PC/memory[17][31]_i_2_4[0]  | rst_IBUF         |               12 |             32 |         2.67 |
|  clk_IBUF_BUFG | u_PC/memory[143][31]_i_3_4[0] | rst_IBUF         |               17 |             32 |         1.88 |
|  clk_IBUF_BUFG | u_PC/memory[17][31]_i_2_6[0]  | rst_IBUF         |               10 |             32 |         3.20 |
|  clk_IBUF_BUFG | u_PC/memory[16][31]_i_4_6[0]  | rst_IBUF         |               11 |             32 |         2.91 |
|  clk_IBUF_BUFG | u_PC/memory[17][31]_i_2_7[0]  | rst_IBUF         |               12 |             32 |         2.67 |
|  clk_IBUF_BUFG | u_PC/memory[17][31]_i_2_9[0]  | rst_IBUF         |               12 |             32 |         2.67 |
|  clk_IBUF_BUFG | u_PC/memory[16][31]_i_4_2[0]  | rst_IBUF         |               16 |             32 |         2.00 |
|  clk_IBUF_BUFG | u_PC/memory[144][31]_i_2_0[0] | rst_IBUF         |               21 |             32 |         1.52 |
|  clk_IBUF_BUFG | u_PC/memory[145][31]_i_2_9[0] | rst_IBUF         |                8 |             32 |         4.00 |
|  clk_IBUF_BUFG | u_PC/memory[16][31]_i_4_13[0] | rst_IBUF         |               10 |             32 |         3.20 |
|  clk_IBUF_BUFG | u_PC/memory[145][31]_i_2_7[0] | rst_IBUF         |                6 |             32 |         5.33 |
|  clk_IBUF_BUFG | u_PC/memory[16][31]_i_4_12[0] | rst_IBUF         |                8 |             32 |         4.00 |
|  clk_IBUF_BUFG | u_PC/memory[16][31]_i_4_16[0] | rst_IBUF         |               11 |             32 |         2.91 |
|  clk_IBUF_BUFG | u_PC/memory[17][31]_i_2_3[0]  | rst_IBUF         |               10 |             32 |         3.20 |
|  clk_IBUF_BUFG | u_PC/memory[144][31]_i_2_5[0] | rst_IBUF         |               14 |             32 |         2.29 |
|  clk_IBUF_BUFG | u_PC/memory[17][31]_i_2_8[0]  | rst_IBUF         |               11 |             32 |         2.91 |
|  clk_IBUF_BUFG | u_PC/memory[192][31]_i_3_0[0] | rst_IBUF         |               17 |             32 |         1.88 |
|  clk_IBUF_BUFG | u_PC/memory[192][31]_i_5_1[0] | rst_IBUF         |               11 |             32 |         2.91 |
|  clk_IBUF_BUFG | u_PC/memory[171][31]_i_2_1[0] | rst_IBUF         |                9 |             32 |         3.56 |
|  clk_IBUF_BUFG | u_PC/memory[144][31]_i_2_1[0] | rst_IBUF         |                8 |             32 |         4.00 |
|  clk_IBUF_BUFG | u_PC/memory[16][31]_i_2_0[0]  | rst_IBUF         |               20 |             32 |         1.60 |
|  clk_IBUF_BUFG | u_PC/memory[19][31]_i_2_0[0]  | rst_IBUF         |               16 |             32 |         2.00 |
|  clk_IBUF_BUFG | u_PC/memory[16][31]_i_4_9[0]  | rst_IBUF         |               17 |             32 |         1.88 |
|  clk_IBUF_BUFG | u_PC/memory[19][31]_i_2_1[0]  | rst_IBUF         |               13 |             32 |         2.46 |
|  clk_IBUF_BUFG | u_PC/memory[19][31]_i_2_3[0]  | rst_IBUF         |               12 |             32 |         2.67 |
|  clk_IBUF_BUFG | u_PC/memory[21][31]_i_2_0[0]  | rst_IBUF         |               11 |             32 |         2.91 |
|  clk_IBUF_BUFG | u_PC/memory[19][31]_i_2_2[0]  | rst_IBUF         |               19 |             32 |         1.68 |
|  clk_IBUF_BUFG | u_PC/memory[21][31]_i_2_1[0]  | rst_IBUF         |               17 |             32 |         1.88 |
|  clk_IBUF_BUFG | u_PC/memory[21][31]_i_2_2[0]  | rst_IBUF         |               17 |             32 |         1.88 |
|  clk_IBUF_BUFG | u_PC/memory[16][31]_i_4_3[0]  | rst_IBUF         |               10 |             32 |         3.20 |
|  clk_IBUF_BUFG | u_PC/memory[145][31]_i_2_2[0] | rst_IBUF         |               15 |             32 |         2.13 |
|  clk_IBUF_BUFG | u_PC/memory[144][31]_i_2_4[0] | rst_IBUF         |               12 |             32 |         2.67 |
|  clk_IBUF_BUFG | u_PC/memory[145][31]_i_2_3[0] | rst_IBUF         |               15 |             32 |         2.13 |
|  clk_IBUF_BUFG | u_PC/memory[145][31]_i_2_6[0] | rst_IBUF         |                8 |             32 |         4.00 |
|  clk_IBUF_BUFG | u_PC/memory[16][31]_i_4_4[0]  | rst_IBUF         |               12 |             32 |         2.67 |
|  clk_IBUF_BUFG | u_PC/memory[16][31]_i_4_5[0]  | rst_IBUF         |               12 |             32 |         2.67 |
|  clk_IBUF_BUFG | u_PC/memory[17][31]_i_2_10[0] | rst_IBUF         |               11 |             32 |         2.91 |
|  clk_IBUF_BUFG | u_PC/memory[192][31]_i_5_0[0] | rst_IBUF         |                9 |             32 |         3.56 |
|  clk_IBUF_BUFG | u_PC/memory[224][31]_i_2_0[0] | rst_IBUF         |               23 |             32 |         1.39 |
|  clk_IBUF_BUFG | u_PC/memory[144][31]_i_2_2[0] | rst_IBUF         |                9 |             32 |         3.56 |
|  clk_IBUF_BUFG | u_PC/E[0]                     | rst_IBUF         |               12 |             32 |         2.67 |
|  clk_IBUF_BUFG | u_PC/PC_reg_rep[7]_6[0]       | rst_IBUF         |               17 |             32 |         1.88 |
|  clk_IBUF_BUFG | u_PC/PC_reg_rep[7]_9[0]       | rst_IBUF         |               16 |             32 |         2.00 |
|  clk_IBUF_BUFG | u_PC/PC_reg_rep[7]_14[0]      | rst_IBUF         |               16 |             32 |         2.00 |
|  clk_IBUF_BUFG | u_PC/PC_reg_rep[7]_10[0]      | rst_IBUF         |               13 |             32 |         2.46 |
|  clk_IBUF_BUFG | u_PC/PC_reg_rep[7]_13[0]      | rst_IBUF         |               17 |             32 |         1.88 |
|  clk_IBUF_BUFG | u_PC/PC_reg_rep[7]_20[0]      | rst_IBUF         |               16 |             32 |         2.00 |
|  clk_IBUF_BUFG | u_PC/PC_reg_rep[7]_25[0]      | rst_IBUF         |               14 |             32 |         2.29 |
|  clk_IBUF_BUFG | u_PC/PC_reg_rep[7]_16[0]      | rst_IBUF         |               17 |             32 |         1.88 |
|  clk_IBUF_BUFG | u_PC/PC_reg_rep[7]_30[0]      | rst_IBUF         |               19 |             32 |         1.68 |
|  clk_IBUF_BUFG | u_PC/PC_reg_rep[7]_11[0]      | rst_IBUF         |               16 |             32 |         2.00 |
|  clk_IBUF_BUFG | u_PC/PC_reg_rep[7]_31[0]      | rst_IBUF         |               14 |             32 |         2.29 |
|  clk_IBUF_BUFG | u_PC/PC_reg_rep[7]_1[0]       | rst_IBUF         |               17 |             32 |         1.88 |
|  clk_IBUF_BUFG | u_PC/PC_reg_rep[7]_18[0]      | rst_IBUF         |               19 |             32 |         1.68 |
|  clk_IBUF_BUFG | u_PC/PC_reg_rep[7]_19[0]      | rst_IBUF         |               22 |             32 |         1.45 |
|  clk_IBUF_BUFG | u_PC/PC_reg_rep[7]_15[0]      | rst_IBUF         |               14 |             32 |         2.29 |
|  clk_IBUF_BUFG | u_PC/memory[22][31]_i_2_0[0]  | rst_IBUF         |               15 |             32 |         2.13 |
|  clk_IBUF_BUFG | u_PC/PC_reg_rep[7]_22[0]      | rst_IBUF         |               17 |             32 |         1.88 |
|  clk_IBUF_BUFG | u_PC/PC_reg_rep[7]_7[0]       | rst_IBUF         |               13 |             32 |         2.46 |
|  clk_IBUF_BUFG | u_PC/PC_reg_rep[7]_8[0]       | rst_IBUF         |               18 |             32 |         1.78 |
|  clk_IBUF_BUFG | u_PC/PC_reg_rep[7]_29[0]      | rst_IBUF         |               23 |             32 |         1.39 |
|  clk_IBUF_BUFG | u_PC/PC_reg_rep[7]_17[0]      | rst_IBUF         |               19 |             32 |         1.68 |
|  clk_IBUF_BUFG | u_PC/PC_reg_rep[7]_23[0]      | rst_IBUF         |               20 |             32 |         1.60 |
|  clk_IBUF_BUFG | u_PC/PC_reg_rep[7]_21[0]      | rst_IBUF         |               16 |             32 |         2.00 |
|  clk_IBUF_BUFG | u_PC/PC_reg_rep[7]_27[0]      | rst_IBUF         |               22 |             32 |         1.45 |
|  clk_IBUF_BUFG | u_PC/PC_reg_rep[7]_28[0]      | rst_IBUF         |               16 |             32 |         2.00 |
|  clk_IBUF_BUFG | u_PC/PC_reg_rep[7]_3[0]       | rst_IBUF         |               17 |             32 |         1.88 |
|  clk_IBUF_BUFG | u_PC/PC_reg_rep[7]_5[0]       | rst_IBUF         |               22 |             32 |         1.45 |
|  clk_IBUF_BUFG | u_PC/PC_reg_rep[7]_4[0]       | rst_IBUF         |               19 |             32 |         1.68 |
|  clk_IBUF_BUFG | u_PC/PC_reg_rep[7]_12[0]      | rst_IBUF         |               14 |             32 |         2.29 |
|  clk_IBUF_BUFG | u_PC/PC_reg_rep[7]_2[0]       | rst_IBUF         |               19 |             32 |         1.68 |
|  clk_IBUF_BUFG | u_PC/PC_reg_rep[7]_26[0]      | rst_IBUF         |               16 |             32 |         2.00 |
|  clk_IBUF_BUFG | u_PC/memory[0][31]_i_3_0[0]   | rst_IBUF         |               14 |             32 |         2.29 |
|  clk_IBUF_BUFG | u_PC/memory[0][31]_i_5_0[0]   | rst_IBUF         |               15 |             32 |         2.13 |
|  clk_IBUF_BUFG | u_PC/memory[0][31]_i_6_10[0]  | rst_IBUF         |               12 |             32 |         2.67 |
|  clk_IBUF_BUFG | u_PC/memory[0][31]_i_6_0[0]   | rst_IBUF         |               13 |             32 |         2.46 |
|  clk_IBUF_BUFG | u_PC/memory[0][31]_i_6_1[0]   | rst_IBUF         |               15 |             32 |         2.13 |
|  clk_IBUF_BUFG | u_PC/memory[0][31]_i_5_2[0]   | rst_IBUF         |               15 |             32 |         2.13 |
|  clk_IBUF_BUFG | u_PC/memory[0][31]_i_5_1[0]   | rst_IBUF         |               13 |             32 |         2.46 |
|  clk_IBUF_BUFG | u_PC/memory[0][31]_i_5_3[0]   | rst_IBUF         |               21 |             32 |         1.52 |
|  clk_IBUF_BUFG | u_PC/memory[0][31]_i_6_11[0]  | rst_IBUF         |               16 |             32 |         2.00 |
|  clk_IBUF_BUFG | u_PC/memory[0][31]_i_6_13[0]  | rst_IBUF         |               15 |             32 |         2.13 |
|  clk_IBUF_BUFG | u_PC/memory[0][31]_i_5_5[0]   | rst_IBUF         |               18 |             32 |         1.78 |
|  clk_IBUF_BUFG | u_PC/memory[0][31]_i_6_14[0]  | rst_IBUF         |               15 |             32 |         2.13 |
|  clk_IBUF_BUFG | u_PC/memory[0][31]_i_6_2[0]   | rst_IBUF         |               17 |             32 |         1.88 |
|  clk_IBUF_BUFG | u_PC/memory[0][31]_i_6_6[0]   | rst_IBUF         |               16 |             32 |         2.00 |
|  clk_IBUF_BUFG | u_PC/memory[0][31]_i_4_0[0]   | rst_IBUF         |               20 |             32 |         1.60 |
|  clk_IBUF_BUFG | u_PC/memory[0][31]_i_6_12[0]  | rst_IBUF         |               12 |             32 |         2.67 |
|  clk_IBUF_BUFG | u_PC/memory[0][31]_i_6_3[0]   | rst_IBUF         |               15 |             32 |         2.13 |
|  clk_IBUF_BUFG | u_PC/memory[0][31]_i_6_4[0]   | rst_IBUF         |               11 |             32 |         2.91 |
|  clk_IBUF_BUFG | u_PC/memory[0][31]_i_6_5[0]   | rst_IBUF         |               13 |             32 |         2.46 |
|  clk_IBUF_BUFG | u_PC/memory[0][31]_i_6_7[0]   | rst_IBUF         |               20 |             32 |         1.60 |
|  clk_IBUF_BUFG | u_PC/PC_reg_rep[7]_24[0]      | rst_IBUF         |               16 |             32 |         2.00 |
|  clk_IBUF_BUFG | u_PC/memory[131][31]_i_2_0[0] | rst_IBUF         |               16 |             32 |         2.00 |
|  clk_IBUF_BUFG | u_PC/memory[136][31]_i_2_0[0] | rst_IBUF         |                8 |             32 |         4.00 |
|  clk_IBUF_BUFG | u_PC/memory[107][31]_i_2_5[0] | rst_IBUF         |               11 |             32 |         2.91 |
|  clk_IBUF_BUFG | u_PC/memory[138][31]_i_2_0[0] | rst_IBUF         |               13 |             32 |         2.46 |
|  clk_IBUF_BUFG | u_PC/memory[13][31]_i_2_2[0]  | rst_IBUF         |               15 |             32 |         2.13 |
|  clk_IBUF_BUFG | u_PC/memory[107][31]_i_2_4[0] | rst_IBUF         |               12 |             32 |         2.67 |
|  clk_IBUF_BUFG | u_PC/memory[107][31]_i_2_3[0] | rst_IBUF         |               11 |             32 |         2.91 |
|  clk_IBUF_BUFG | u_PC/memory[107][31]_i_2_1[0] | rst_IBUF         |               12 |             32 |         2.67 |
|  clk_IBUF_BUFG | u_PC/memory[130][31]_i_3_2[0] | rst_IBUF         |               16 |             32 |         2.00 |
|  clk_IBUF_BUFG | u_PC/memory[13][31]_i_3_0[0]  | rst_IBUF         |               12 |             32 |         2.67 |
|  clk_IBUF_BUFG | u_PC/memory[138][31]_i_2_1[0] | rst_IBUF         |                9 |             32 |         3.56 |
|  clk_IBUF_BUFG | u_PC/memory[13][31]_i_3_2[0]  | rst_IBUF         |               12 |             32 |         2.67 |
|  clk_IBUF_BUFG | u_PC/memory[130][31]_i_2_1[0] | rst_IBUF         |               11 |             32 |         2.91 |
|  clk_IBUF_BUFG | u_PC/memory[128][31]_i_3_2[0] | rst_IBUF         |               15 |             32 |         2.13 |
|  clk_IBUF_BUFG | u_PC/memory[130][31]_i_2_0[0] | rst_IBUF         |               14 |             32 |         2.29 |
|  clk_IBUF_BUFG | u_PC/memory[13][31]_i_2_1[0]  | rst_IBUF         |               15 |             32 |         2.13 |
|  clk_IBUF_BUFG | u_PC/memory[13][31]_i_3_1[0]  | rst_IBUF         |               16 |             32 |         2.00 |
|  clk_IBUF_BUFG | u_PC/memory[143][31]_i_3_0[0] | rst_IBUF         |               18 |             32 |         1.78 |
|  clk_IBUF_BUFG | u_PC/memory[13][31]_i_2_3[0]  | rst_IBUF         |               17 |             32 |         1.88 |
|  clk_IBUF_BUFG | u_PC/memory[129][31]_i_3_0[0] | rst_IBUF         |                8 |             32 |         4.00 |
|  clk_IBUF_BUFG | u_PC/memory[0][31]_i_6_8[0]   | rst_IBUF         |               18 |             32 |         1.78 |
|  clk_IBUF_BUFG | u_PC/memory[107][31]_i_2_0[0] | rst_IBUF         |               15 |             32 |         2.13 |
|  clk_IBUF_BUFG | u_PC/memory[107][31]_i_2_2[0] | rst_IBUF         |               13 |             32 |         2.46 |
|  clk_IBUF_BUFG | u_PC/memory[130][31]_i_2_2[0] | rst_IBUF         |               11 |             32 |         2.91 |
|  clk_IBUF_BUFG | u_PC/memory[128][31]_i_3_0[0] | rst_IBUF         |               13 |             32 |         2.46 |
|  clk_IBUF_BUFG | u_PC/memory[128][31]_i_3_1[0] | rst_IBUF         |               12 |             32 |         2.67 |
|  clk_IBUF_BUFG | u_PC/memory[130][31]_i_2_3[0] | rst_IBUF         |               10 |             32 |         3.20 |
|  clk_IBUF_BUFG | u_PC/memory[138][31]_i_2_2[0] | rst_IBUF         |               12 |             32 |         2.67 |
|  clk_IBUF_BUFG | u_PC/memory[132][31]_i_2_0[0] | rst_IBUF         |                6 |             32 |         5.33 |
|  clk_IBUF_BUFG | u_PC/memory[138][31]_i_2_3[0] | rst_IBUF         |               12 |             32 |         2.67 |
|  clk_IBUF_BUFG | u_PC/memory[130][31]_i_3_1[0] | rst_IBUF         |               11 |             32 |         2.91 |
|  clk_IBUF_BUFG | u_PC/memory[13][31]_i_2_0[0]  | rst_IBUF         |               12 |             32 |         2.67 |
|  clk_IBUF_BUFG | u_PC/memory[13][31]_i_3_3[0]  | rst_IBUF         |               10 |             32 |         3.20 |
|  clk_IBUF_BUFG | u_PC/memory[0][31]_i_6_9[0]   | rst_IBUF         |               13 |             32 |         2.46 |
|  clk_IBUF_BUFG | u_PC/memory[130][31]_i_3_0[0] | rst_IBUF         |                7 |             32 |         4.57 |
|  clk_IBUF_BUFG | u_PC/memory[0][31]_i_5_4[0]   | rst_IBUF         |               14 |             32 |         2.29 |
+----------------+-------------------------------+------------------+------------------+----------------+--------------+


