
*** Running vivado
    with args -log FpgaTop.vds -m64 -product Vivado -mode batch -messageDb vivado.pb -notrace -source FpgaTop.tcl



****** Vivado v2020.1 (64-bit)
  **** SW Build 2902540 on Wed May 27 19:54:49 MDT 2020
  **** IP Build 2902112 on Wed May 27 22:43:36 MDT 2020
    ** Copyright 1986-2020 Xilinx, Inc. All Rights Reserved.

source FpgaTop.tcl -notrace
Command: synth_design -top FpgaTop -part xc7a35tcpg236-1
Starting synth_design
Attempting to get a license for feature 'Synthesis' and/or device 'xc7a35t'
INFO: [Common 17-349] Got license for feature 'Synthesis' and/or device 'xc7a35t'
INFO: [Device 21-403] Loading part xc7a35tcpg236-1
INFO: [Synth 8-7079] Multithreading enabled for synth_design using a maximum of 2 processes.
INFO: [Synth 8-7078] Launching helper process for spawning children vivado processes
INFO: [Synth 8-7075] Helper process launched with PID 10128
---------------------------------------------------------------------------------
Starting RTL Elaboration : Time (s): cpu = 00:00:04 ; elapsed = 00:00:04 . Memory (MB): peak = 1027.820 ; gain = 0.000
---------------------------------------------------------------------------------
INFO: [Synth 8-6157] synthesizing module 'FpgaTop' [C:/Users/H.H/Desktop/CA_LabProject_Finall/CA_LabProject_Final/All_CA_Labs.srcs/sources_1/new/FpgaTop.v:2]
INFO: [Synth 8-6157] synthesizing module 'clkDivider' [C:/Users/H.H/Desktop/CA_LabProject_Finall/CA_LabProject_Final/All_CA_Labs.srcs/sources_1/new/clkDivider.v:2]
INFO: [Synth 8-6155] done synthesizing module 'clkDivider' (1#1) [C:/Users/H.H/Desktop/CA_LabProject_Finall/CA_LabProject_Final/All_CA_Labs.srcs/sources_1/new/clkDivider.v:2]
INFO: [Synth 8-6157] synthesizing module 'debouncer' [C:/Users/H.H/Desktop/CA_LabProject_Finall/CA_LabProject_Final/All_CA_Labs.srcs/sources_1/new/debouncer.v:2]
INFO: [Synth 8-6155] done synthesizing module 'debouncer' (2#1) [C:/Users/H.H/Desktop/CA_LabProject_Finall/CA_LabProject_Final/All_CA_Labs.srcs/sources_1/new/debouncer.v:2]
INFO: [Synth 8-6157] synthesizing module 'TopLevelProcessor' [C:/Users/H.H/Desktop/CA_LabProject_Finall/CA_LabProject_Final/All_CA_Labs.srcs/sources_1/new/TopLevelProcessor.v:2]
INFO: [Synth 8-6157] synthesizing module 'ProgramCounter' [C:/Users/H.H/Desktop/CA_LabProject_Finall/CA_LabProject_Final/All_CA_Labs.srcs/sources_1/new/ProgramCounter.v:1]
INFO: [Synth 8-6155] done synthesizing module 'ProgramCounter' (3#1) [C:/Users/H.H/Desktop/CA_LabProject_Finall/CA_LabProject_Final/All_CA_Labs.srcs/sources_1/new/ProgramCounter.v:1]
INFO: [Synth 8-6157] synthesizing module 'pcAdder' [C:/Users/H.H/Desktop/CA_LabProject_Finall/CA_LabProject_Final/All_CA_Labs.srcs/sources_1/new/pcAdder.v:2]
INFO: [Synth 8-6155] done synthesizing module 'pcAdder' (4#1) [C:/Users/H.H/Desktop/CA_LabProject_Finall/CA_LabProject_Final/All_CA_Labs.srcs/sources_1/new/pcAdder.v:2]
INFO: [Synth 8-6157] synthesizing module 'instructionMemory' [C:/Users/H.H/Desktop/CA_LabProject_Finall/CA_LabProject_Final/All_CA_Labs.srcs/sources_1/new/instructionMemory.v:2]
INFO: [Synth 8-3876] $readmem data file 'programC.hex' is read successfully [C:/Users/H.H/Desktop/CA_LabProject_Finall/CA_LabProject_Final/All_CA_Labs.srcs/sources_1/new/instructionMemory.v:10]
INFO: [Synth 8-6155] done synthesizing module 'instructionMemory' (5#1) [C:/Users/H.H/Desktop/CA_LabProject_Finall/CA_LabProject_Final/All_CA_Labs.srcs/sources_1/new/instructionMemory.v:2]
INFO: [Synth 8-6157] synthesizing module 'MainControl' [C:/Users/H.H/Desktop/CA_LabProject_Finall/CA_LabProject_Final/All_CA_Labs.srcs/sources_1/new/MainControl.v:7]
	Parameter R_TYPE bound to: 7'b0110011 
	Parameter I_ALU bound to: 7'b0010011 
	Parameter LOAD bound to: 7'b0000011 
	Parameter STORE bound to: 7'b0100011 
	Parameter BRANCH bound to: 7'b1100011 
	Parameter JAL bound to: 7'b1101111 
	Parameter JALR bound to: 7'b1100111 
	Parameter LUI bound to: 7'b0110111 
INFO: [Synth 8-6155] done synthesizing module 'MainControl' (6#1) [C:/Users/H.H/Desktop/CA_LabProject_Finall/CA_LabProject_Final/All_CA_Labs.srcs/sources_1/new/MainControl.v:7]
INFO: [Synth 8-6157] synthesizing module 'RegisterFile' [C:/Users/H.H/Desktop/CA_LabProject_Finall/CA_LabProject_Final/All_CA_Labs.srcs/sources_1/new/RegisterFile.v:2]
INFO: [Synth 8-6155] done synthesizing module 'RegisterFile' (7#1) [C:/Users/H.H/Desktop/CA_LabProject_Finall/CA_LabProject_Final/All_CA_Labs.srcs/sources_1/new/RegisterFile.v:2]
INFO: [Synth 8-6157] synthesizing module 'immGen' [C:/Users/H.H/Desktop/CA_LabProject_Finall/CA_LabProject_Final/All_CA_Labs.srcs/sources_1/new/immGen.v:6]
INFO: [Synth 8-6155] done synthesizing module 'immGen' (8#1) [C:/Users/H.H/Desktop/CA_LabProject_Finall/CA_LabProject_Final/All_CA_Labs.srcs/sources_1/new/immGen.v:6]
INFO: [Synth 8-6157] synthesizing module 'mux2' [C:/Users/H.H/Desktop/CA_LabProject_Finall/CA_LabProject_Final/All_CA_Labs.srcs/sources_1/new/mux2.v:4]
INFO: [Synth 8-6155] done synthesizing module 'mux2' (9#1) [C:/Users/H.H/Desktop/CA_LabProject_Finall/CA_LabProject_Final/All_CA_Labs.srcs/sources_1/new/mux2.v:4]
INFO: [Synth 8-6157] synthesizing module 'ALUControl' [C:/Users/H.H/Desktop/CA_LabProject_Finall/CA_LabProject_Final/All_CA_Labs.srcs/sources_1/new/ALUControl.v:11]
INFO: [Synth 8-6155] done synthesizing module 'ALUControl' (10#1) [C:/Users/H.H/Desktop/CA_LabProject_Finall/CA_LabProject_Final/All_CA_Labs.srcs/sources_1/new/ALUControl.v:11]
INFO: [Synth 8-6157] synthesizing module 'ALU' [C:/Users/H.H/Desktop/CA_LabProject_Finall/CA_LabProject_Final/All_CA_Labs.srcs/sources_1/new/ALU.v:2]
INFO: [Synth 8-6157] synthesizing module 'ALU_1bit' [C:/Users/H.H/Desktop/CA_LabProject_Finall/CA_LabProject_Final/All_CA_Labs.srcs/sources_1/new/ALU_1bit.v:2]
INFO: [Synth 8-6155] done synthesizing module 'ALU_1bit' (11#1) [C:/Users/H.H/Desktop/CA_LabProject_Finall/CA_LabProject_Final/All_CA_Labs.srcs/sources_1/new/ALU_1bit.v:2]
INFO: [Synth 8-6155] done synthesizing module 'ALU' (12#1) [C:/Users/H.H/Desktop/CA_LabProject_Finall/CA_LabProject_Final/All_CA_Labs.srcs/sources_1/new/ALU.v:2]
INFO: [Synth 8-6157] synthesizing module 'AddressDecoder' [C:/Users/H.H/Desktop/CA_LabProject_Finall/CA_LabProject_Final/All_CA_Labs.srcs/sources_1/new/AddressDecoder.v:6]
INFO: [Synth 8-6155] done synthesizing module 'AddressDecoder' (13#1) [C:/Users/H.H/Desktop/CA_LabProject_Finall/CA_LabProject_Final/All_CA_Labs.srcs/sources_1/new/AddressDecoder.v:6]
INFO: [Synth 8-6157] synthesizing module 'DataMemory' [C:/Users/H.H/Desktop/CA_LabProject_Finall/CA_LabProject_Final/All_CA_Labs.srcs/sources_1/new/DataMemory.v:2]
INFO: [Synth 8-6155] done synthesizing module 'DataMemory' (14#1) [C:/Users/H.H/Desktop/CA_LabProject_Finall/CA_LabProject_Final/All_CA_Labs.srcs/sources_1/new/DataMemory.v:2]
INFO: [Synth 8-6157] synthesizing module 'switches' [C:/Users/H.H/Desktop/CA_LabProject_Finall/CA_LabProject_Final/All_CA_Labs.srcs/sources_1/new/switches.v:4]
INFO: [Synth 8-6155] done synthesizing module 'switches' (15#1) [C:/Users/H.H/Desktop/CA_LabProject_Finall/CA_LabProject_Final/All_CA_Labs.srcs/sources_1/new/switches.v:4]
INFO: [Synth 8-6157] synthesizing module 'leds' [C:/Users/H.H/Desktop/CA_LabProject_Finall/CA_LabProject_Final/All_CA_Labs.srcs/sources_1/new/leds.v:4]
INFO: [Synth 8-6155] done synthesizing module 'leds' (16#1) [C:/Users/H.H/Desktop/CA_LabProject_Finall/CA_LabProject_Final/All_CA_Labs.srcs/sources_1/new/leds.v:4]
INFO: [Synth 8-6157] synthesizing module 'branchAdder' [C:/Users/H.H/Desktop/CA_LabProject_Finall/CA_LabProject_Final/All_CA_Labs.srcs/sources_1/new/branchAdder.v:6]
INFO: [Synth 8-6155] done synthesizing module 'branchAdder' (17#1) [C:/Users/H.H/Desktop/CA_LabProject_Finall/CA_LabProject_Final/All_CA_Labs.srcs/sources_1/new/branchAdder.v:6]
INFO: [Synth 8-6155] done synthesizing module 'TopLevelProcessor' (18#1) [C:/Users/H.H/Desktop/CA_LabProject_Finall/CA_LabProject_Final/All_CA_Labs.srcs/sources_1/new/TopLevelProcessor.v:2]
INFO: [Synth 8-6157] synthesizing module 'BinaryToBCD' [C:/Users/H.H/Desktop/CA_LabProject_Finall/CA_LabProject_Final/All_CA_Labs.srcs/sources_1/new/BinaryToBCD.v:1]
INFO: [Synth 8-6155] done synthesizing module 'BinaryToBCD' (19#1) [C:/Users/H.H/Desktop/CA_LabProject_Finall/CA_LabProject_Final/All_CA_Labs.srcs/sources_1/new/BinaryToBCD.v:1]
INFO: [Synth 8-6157] synthesizing module 'SevenSegmentDriver' [C:/Users/H.H/Desktop/CA_LabProject_Finall/CA_LabProject_Final/All_CA_Labs.srcs/sources_1/new/SevenSegmentDriver.v:3]
INFO: [Synth 8-6157] synthesizing module 'SevenSegmentDecoder' [C:/Users/H.H/Desktop/CA_LabProject_Finall/CA_LabProject_Final/All_CA_Labs.srcs/sources_1/new/SevenSegmentDecoder.v:4]
INFO: [Synth 8-6155] done synthesizing module 'SevenSegmentDecoder' (20#1) [C:/Users/H.H/Desktop/CA_LabProject_Finall/CA_LabProject_Final/All_CA_Labs.srcs/sources_1/new/SevenSegmentDecoder.v:4]
INFO: [Synth 8-6155] done synthesizing module 'SevenSegmentDriver' (21#1) [C:/Users/H.H/Desktop/CA_LabProject_Finall/CA_LabProject_Final/All_CA_Labs.srcs/sources_1/new/SevenSegmentDriver.v:3]
INFO: [Synth 8-6155] done synthesizing module 'FpgaTop' (22#1) [C:/Users/H.H/Desktop/CA_LabProject_Finall/CA_LabProject_Final/All_CA_Labs.srcs/sources_1/new/FpgaTop.v:2]
---------------------------------------------------------------------------------
Finished RTL Elaboration : Time (s): cpu = 00:00:12 ; elapsed = 00:00:13 . Memory (MB): peak = 1512.004 ; gain = 484.184
---------------------------------------------------------------------------------
---------------------------------------------------------------------------------
Start Handling Custom Attributes
---------------------------------------------------------------------------------
---------------------------------------------------------------------------------
Finished Handling Custom Attributes : Time (s): cpu = 00:00:14 ; elapsed = 00:00:14 . Memory (MB): peak = 1512.004 ; gain = 484.184
---------------------------------------------------------------------------------
---------------------------------------------------------------------------------
Finished RTL Optimization Phase 1 : Time (s): cpu = 00:00:14 ; elapsed = 00:00:14 . Memory (MB): peak = 1512.004 ; gain = 484.184
---------------------------------------------------------------------------------
Netlist sorting complete. Time (s): cpu = 00:00:01 ; elapsed = 00:00:00.378 . Memory (MB): peak = 1512.004 ; gain = 0.000
INFO: [Project 1-570] Preparing netlist for logic optimization

Processing XDC Constraints
Initializing timing engine
Parsing XDC File [C:/Users/H.H/Desktop/CA_LabProject_Finall/CA_LabProject_Final/All_CA_Labs.srcs/constrs_1/imports/filesnew/constraints.xdc]
Finished Parsing XDC File [C:/Users/H.H/Desktop/CA_LabProject_Finall/CA_LabProject_Final/All_CA_Labs.srcs/constrs_1/imports/filesnew/constraints.xdc]
INFO: [Project 1-236] Implementation specific constraints were found while reading constraint file [C:/Users/H.H/Desktop/CA_LabProject_Finall/CA_LabProject_Final/All_CA_Labs.srcs/constrs_1/imports/filesnew/constraints.xdc]. These constraints will be ignored for synthesis but will be used in implementation. Impacted constraints are listed in the file [.Xil/FpgaTop_propImpl.xdc].
Resolution: To avoid this warning, move constraints listed in [.Xil/FpgaTop_propImpl.xdc] to another XDC file and exclude this new file from synthesis with the used_in_synthesis property (File Properties dialog in GUI) and re-run elaboration/synthesis.
Completed Processing XDC Constraints

Netlist sorting complete. Time (s): cpu = 00:00:00 ; elapsed = 00:00:00.002 . Memory (MB): peak = 1512.004 ; gain = 0.000
INFO: [Project 1-111] Unisim Transformation Summary:
No Unisim elements were transformed.

Constraint Validation Runtime : Time (s): cpu = 00:00:00 ; elapsed = 00:00:00.065 . Memory (MB): peak = 1512.004 ; gain = 0.000
---------------------------------------------------------------------------------
Finished Constraint Validation : Time (s): cpu = 00:00:24 ; elapsed = 00:00:24 . Memory (MB): peak = 1512.004 ; gain = 484.184
---------------------------------------------------------------------------------
---------------------------------------------------------------------------------
Start Loading Part and Timing Information
---------------------------------------------------------------------------------
Loading part: xc7a35tcpg236-1
---------------------------------------------------------------------------------
Finished RTL Optimization Phase 2 : Time (s): cpu = 00:00:45 ; elapsed = 00:00:47 . Memory (MB): peak = 1512.004 ; gain = 484.184
---------------------------------------------------------------------------------
---------------------------------------------------------------------------------
Start RTL Component Statistics 
---------------------------------------------------------------------------------
Detailed RTL Component Info : 
+---Adders : 
	   2 Input   32 Bit       Adders := 2     
	   2 Input   26 Bit       Adders := 1     
	   2 Input   20 Bit       Adders := 4     
	   2 Input    4 Bit       Adders := 34    
	   2 Input    3 Bit       Adders := 7     
	   3 Input    2 Bit       Adders := 32    
	   4 Input    1 Bit       Adders := 3     
	   6 Input    1 Bit       Adders := 2     
	   5 Input    1 Bit       Adders := 2     
+---XORs : 
	   2 Input      1 Bit         XORs := 32    
+---Registers : 
	               32 Bit    Registers := 289   
	               26 Bit    Registers := 1     
	               20 Bit    Registers := 4     
	                2 Bit    Registers := 4     
	                1 Bit    Registers := 11    
+---Muxes : 
	   4 Input   32 Bit        Muxes := 768   
	   2 Input   32 Bit        Muxes := 1291  
	  20 Input   32 Bit        Muxes := 1     
	  33 Input   32 Bit        Muxes := 2     
	   6 Input   32 Bit        Muxes := 1     
	   3 Input   32 Bit        Muxes := 1     
	   2 Input   26 Bit        Muxes := 1     
	   2 Input   20 Bit        Muxes := 4     
	   2 Input   16 Bit        Muxes := 265   
	   2 Input    8 Bit        Muxes := 256   
	   4 Input    8 Bit        Muxes := 1     
	  16 Input    4 Bit        Muxes := 1     
	   2 Input    4 Bit        Muxes := 30    
	   4 Input    4 Bit        Muxes := 2     
	   7 Input    3 Bit        Muxes := 1     
	   2 Input    3 Bit        Muxes := 4     
	   9 Input    2 Bit        Muxes := 1     
	   9 Input    1 Bit        Muxes := 7     
	   2 Input    1 Bit        Muxes := 37    
	   6 Input    1 Bit        Muxes := 32    
	   4 Input    1 Bit        Muxes := 1     
---------------------------------------------------------------------------------
Finished RTL Component Statistics 
---------------------------------------------------------------------------------
---------------------------------------------------------------------------------
Start Part Resource Summary
---------------------------------------------------------------------------------
Part Resources:
DSPs: 90 (col length:60)
BRAMs: 100 (col length: RAMB18 60 RAMB36 30)
---------------------------------------------------------------------------------
Finished Part Resource Summary
---------------------------------------------------------------------------------
---------------------------------------------------------------------------------
Start Cross Boundary and Area Optimization
---------------------------------------------------------------------------------
---------------------------------------------------------------------------------
Finished Cross Boundary and Area Optimization : Time (s): cpu = 00:01:27 ; elapsed = 00:01:32 . Memory (MB): peak = 1512.004 ; gain = 484.184
---------------------------------------------------------------------------------
---------------------------------------------------------------------------------
Start Applying XDC Timing Constraints
---------------------------------------------------------------------------------
---------------------------------------------------------------------------------
Finished Applying XDC Timing Constraints : Time (s): cpu = 00:01:33 ; elapsed = 00:01:39 . Memory (MB): peak = 1512.004 ; gain = 484.184
---------------------------------------------------------------------------------
---------------------------------------------------------------------------------
Start Timing Optimization
---------------------------------------------------------------------------------
---------------------------------------------------------------------------------
Finished Timing Optimization : Time (s): cpu = 00:01:37 ; elapsed = 00:01:43 . Memory (MB): peak = 1512.004 ; gain = 484.184
---------------------------------------------------------------------------------
---------------------------------------------------------------------------------
Start Technology Mapping
---------------------------------------------------------------------------------
---------------------------------------------------------------------------------
Finished Technology Mapping : Time (s): cpu = 00:01:40 ; elapsed = 00:01:53 . Memory (MB): peak = 1512.004 ; gain = 484.184
---------------------------------------------------------------------------------
---------------------------------------------------------------------------------
Start IO Insertion
---------------------------------------------------------------------------------
---------------------------------------------------------------------------------
Start Flattening Before IO Insertion
---------------------------------------------------------------------------------
---------------------------------------------------------------------------------
Finished Flattening Before IO Insertion
---------------------------------------------------------------------------------
---------------------------------------------------------------------------------
Start Final Netlist Cleanup
---------------------------------------------------------------------------------
---------------------------------------------------------------------------------
Finished Final Netlist Cleanup
---------------------------------------------------------------------------------
---------------------------------------------------------------------------------
Finished IO Insertion : Time (s): cpu = 00:01:45 ; elapsed = 00:01:58 . Memory (MB): peak = 1512.004 ; gain = 484.184
---------------------------------------------------------------------------------
---------------------------------------------------------------------------------
Start Renaming Generated Instances
---------------------------------------------------------------------------------
---------------------------------------------------------------------------------
Finished Renaming Generated Instances : Time (s): cpu = 00:01:45 ; elapsed = 00:01:58 . Memory (MB): peak = 1512.004 ; gain = 484.184
---------------------------------------------------------------------------------
---------------------------------------------------------------------------------
Start Rebuilding User Hierarchy
---------------------------------------------------------------------------------
---------------------------------------------------------------------------------
Finished Rebuilding User Hierarchy : Time (s): cpu = 00:01:46 ; elapsed = 00:01:59 . Memory (MB): peak = 1512.004 ; gain = 484.184
---------------------------------------------------------------------------------
---------------------------------------------------------------------------------
Start Renaming Generated Ports
---------------------------------------------------------------------------------
---------------------------------------------------------------------------------
Finished Renaming Generated Ports : Time (s): cpu = 00:01:46 ; elapsed = 00:01:59 . Memory (MB): peak = 1512.004 ; gain = 484.184
---------------------------------------------------------------------------------
---------------------------------------------------------------------------------
Start Handling Custom Attributes
---------------------------------------------------------------------------------
---------------------------------------------------------------------------------
Finished Handling Custom Attributes : Time (s): cpu = 00:01:46 ; elapsed = 00:02:00 . Memory (MB): peak = 1512.004 ; gain = 484.184
---------------------------------------------------------------------------------
---------------------------------------------------------------------------------
Start Renaming Generated Nets
---------------------------------------------------------------------------------
---------------------------------------------------------------------------------
Finished Renaming Generated Nets : Time (s): cpu = 00:01:46 ; elapsed = 00:02:00 . Memory (MB): peak = 1512.004 ; gain = 484.184
---------------------------------------------------------------------------------
---------------------------------------------------------------------------------
Start Writing Synthesis Report
---------------------------------------------------------------------------------

Report BlackBoxes: 
+-+--------------+----------+
| |BlackBox name |Instances |
+-+--------------+----------+
+-+--------------+----------+

Report Cell Usage: 
+------+-------+------+
|      |Cell   |Count |
+------+-------+------+
|1     |BUFG   |     2|
|2     |CARRY4 |    48|
|3     |LUT1   |    15|
|4     |LUT2   |   185|
|5     |LUT3   |   144|
|6     |LUT4   |   287|
|7     |LUT5   |   594|
|8     |LUT6   |  3565|
|9     |MUXF7  |  1114|
|10    |MUXF8  |   545|
|11    |FDCE   |    83|
|12    |FDPE   |     1|
|13    |FDRE   |  8540|
|14    |IBUF   |    22|
|15    |OBUF   |    27|
+------+-------+------+
---------------------------------------------------------------------------------
Finished Writing Synthesis Report : Time (s): cpu = 00:01:46 ; elapsed = 00:02:00 . Memory (MB): peak = 1512.004 ; gain = 484.184
---------------------------------------------------------------------------------
Synthesis finished with 0 errors, 0 critical warnings and 0 warnings.
Synthesis Optimization Runtime : Time (s): cpu = 00:01:26 ; elapsed = 00:01:54 . Memory (MB): peak = 1512.004 ; gain = 484.184
Synthesis Optimization Complete : Time (s): cpu = 00:01:46 ; elapsed = 00:02:00 . Memory (MB): peak = 1512.004 ; gain = 484.184
INFO: [Project 1-571] Translating synthesized netlist
Netlist sorting complete. Time (s): cpu = 00:00:00 ; elapsed = 00:00:00.126 . Memory (MB): peak = 1512.004 ; gain = 0.000
INFO: [Netlist 29-17] Analyzing 1707 Unisim elements for replacement
INFO: [Netlist 29-28] Unisim Transformation completed in 0 CPU seconds
INFO: [Project 1-570] Preparing netlist for logic optimization
INFO: [Opt 31-138] Pushed 0 inverter(s) to 0 load pin(s).
Netlist sorting complete. Time (s): cpu = 00:00:00 ; elapsed = 00:00:00.003 . Memory (MB): peak = 1512.004 ; gain = 0.000
INFO: [Project 1-111] Unisim Transformation Summary:
No Unisim elements were transformed.

INFO: [Common 17-83] Releasing license: Synthesis
60 Infos, 0 Warnings, 0 Critical Warnings and 0 Errors encountered.
synth_design completed successfully
synth_design: Time (s): cpu = 00:01:53 ; elapsed = 00:02:09 . Memory (MB): peak = 1512.004 ; gain = 484.184
INFO: [Common 17-1381] The checkpoint 'C:/Users/H.H/Desktop/CA_LabProject_Finall/CA_LabProject_Final/All_CA_Labs.runs/synth_1/FpgaTop.dcp' has been generated.
INFO: [runtcl-4] Executing : report_utilization -file FpgaTop_utilization_synth.rpt -pb FpgaTop_utilization_synth.pb
INFO: [Common 17-206] Exiting Vivado at Wed Apr 29 22:17:10 2026...
