Vivado Simulator 2020.1
Time resolution is 1 ps
WARNING: File programA.hex referenced on C:/Users/IBM/Desktop/taska_CA_LabProject_Final/taska_CA_LabProject_Final/All_CA_Labs.srcs/sources_1/new/instructionMemory.v at line 10 cannot be opened for reading. Please ensure that this file is available in the current working directory.
  [0] = 08000113 (expect 08000113)
  [1] = 00000413 (expect 10000413)
  [2] = 20000493 (expect 20000493)
=== Task A Simulation ===
Test 1: switches=0, LEDs should stay 0
After 20 cycles sw=0: PC=00000010 LED=0000 (expect 0000)

Test 2: switches=5, expect LEDs 5->4->3->2->1->0
Cycle 0: PC=00000014 LED=0
Cycle 1: PC=00000018 LED=0
Cycle 2: PC=0000001c LED=0
Cycle 3: PC=00000024 LED=0
Cycle 4: PC=00000028 LED=0
Cycle 5: PC=0000002c LED=0
Cycle 6: PC=00000030 LED=0
Cycle 7: PC=00000034 LED=0
Cycle 8: PC=00000038 LED=5
Cycle 9: PC=0000003c LED=5
Cycle 10: PC=00000040 LED=5
Cycle 11: PC=00000034 LED=5
Cycle 12: PC=00000038 LED=4
Cycle 13: PC=0000003c LED=4
Cycle 14: PC=00000040 LED=4
Cycle 15: PC=00000034 LED=4
Cycle 16: PC=00000038 LED=3
Cycle 17: PC=0000003c LED=3
Cycle 18: PC=00000040 LED=3
Cycle 19: PC=00000034 LED=3
Cycle 20: PC=00000038 LED=2
Cycle 21: PC=0000003c LED=2
Cycle 22: PC=00000040 LED=2
Cycle 23: PC=00000034 LED=2
Cycle 24: PC=00000038 LED=1
Cycle 25: PC=0000003c LED=1
Cycle 26: PC=00000040 LED=1
Cycle 27: PC=00000034 LED=1
Cycle 28: PC=00000038 LED=0
Cycle 29: PC=00000044 LED=0
Cycle 30: PC=00000048 LED=0
Cycle 31: PC=0000004c LED=0
Cycle 32: PC=00000050 LED=0
Cycle 33: PC=00000054 LED=0
Cycle 34: PC=00000020 LED=0
Cycle 35: PC=0000000c LED=0
Cycle 36: PC=00000010 LED=0
Cycle 37: PC=00000014 LED=0
Cycle 38: PC=00000018 LED=0
Cycle 39: PC=0000001c LED=0
Cycle 40: PC=00000024 LED=0
Cycle 41: PC=00000028 LED=0
Cycle 42: PC=0000002c LED=0
Cycle 43: PC=00000030 LED=0
Cycle 44: PC=00000034 LED=0
Cycle 45: PC=00000038 LED=5
Cycle 46: PC=0000003c LED=5
Cycle 47: PC=00000040 LED=5
Cycle 48: PC=00000034 LED=5
Cycle 49: PC=00000038 LED=4
Cycle 50: PC=0000003c LED=4
Cycle 51: PC=00000040 LED=4
Cycle 52: PC=00000034 LED=4
Cycle 53: PC=00000038 LED=3
Cycle 54: PC=0000003c LED=3
Cycle 55: PC=00000040 LED=3
Cycle 56: PC=00000034 LED=3
Cycle 57: PC=00000038 LED=2
Cycle 58: PC=0000003c LED=2
Cycle 59: PC=00000040 LED=2
Cycle 60: PC=00000034 LED=2
Cycle 61: PC=00000038 LED=1
Cycle 62: PC=0000003c LED=1
Cycle 63: PC=00000040 LED=1
Cycle 64: PC=00000034 LED=1
Cycle 65: PC=00000038 LED=0
Cycle 66: PC=00000044 LED=0
Cycle 67: PC=00000048 LED=0
Cycle 68: PC=0000004c LED=0
Cycle 69: PC=00000050 LED=0
Cycle 70: PC=00000054 LED=0
Cycle 71: PC=00000020 LED=0
Cycle 72: PC=0000000c LED=0
Cycle 73: PC=00000010 LED=0
Cycle 74: PC=00000014 LED=0
