INFO: [VRFC 10-2263] Analyzing Verilog file "C:/Users/IBM/Desktop/taska_CA_LabProject_Final/taska_CA_LabProject_Final/All_CA_Labs.srcs/sources_1/new/ALUControl.v" into library xil_defaultlib
INFO: [VRFC 10-311] analyzing module ALUControl
INFO: [VRFC 10-2263] Analyzing Verilog file "C:/Users/IBM/Desktop/taska_CA_LabProject_Final/taska_CA_LabProject_Final/All_CA_Labs.srcs/sources_1/new/AddressDecoder.v" into library xil_defaultlib
INFO: [VRFC 10-311] analyzing module AddressDecoder
INFO: [VRFC 10-2263] Analyzing Verilog file "C:/Users/IBM/Desktop/taska_CA_LabProject_Final/taska_CA_LabProject_Final/All_CA_Labs.srcs/sources_1/new/DataMemory.v" into library xil_defaultlib
INFO: [VRFC 10-311] analyzing module DataMemory
INFO: [VRFC 10-2263] Analyzing Verilog file "C:/Users/IBM/Desktop/taska_CA_LabProject_Final/taska_CA_LabProject_Final/All_CA_Labs.srcs/sources_1/new/MainControl.v" into library xil_defaultlib
INFO: [VRFC 10-311] analyzing module MainControl
INFO: [VRFC 10-2263] Analyzing Verilog file "C:/Users/IBM/Desktop/taska_CA_LabProject_Final/taska_CA_LabProject_Final/All_CA_Labs.srcs/sources_1/new/ProgramCounter.v" into library xil_defaultlib
INFO: [VRFC 10-311] analyzing module ProgramCounter
INFO: [VRFC 10-2263] Analyzing Verilog file "C:/Users/IBM/Desktop/taska_CA_LabProject_Final/taska_CA_LabProject_Final/All_CA_Labs.srcs/sources_1/new/branchAdder.v" into library xil_defaultlib
INFO: [VRFC 10-311] analyzing module branchAdder
INFO: [VRFC 10-2263] Analyzing Verilog file "C:/Users/IBM/Desktop/taska_CA_LabProject_Final/taska_CA_LabProject_Final/All_CA_Labs.srcs/sources_1/new/debouncer.v" into library xil_defaultlib
INFO: [VRFC 10-311] analyzing module debouncer
INFO: [VRFC 10-2263] Analyzing Verilog file "C:/Users/IBM/Desktop/taska_CA_LabProject_Final/taska_CA_LabProject_Final/All_CA_Labs.srcs/sources_1/new/immGen.v" into library xil_defaultlib
INFO: [VRFC 10-311] analyzing module immGen
INFO: [VRFC 10-2263] Analyzing Verilog file "C:/Users/IBM/Desktop/taska_CA_LabProject_Final/taska_CA_LabProject_Final/All_CA_Labs.srcs/sources_1/new/leds.v" into library xil_defaultlib
INFO: [VRFC 10-311] analyzing module leds
INFO: [VRFC 10-2263] Analyzing Verilog file "C:/Users/IBM/Desktop/taska_CA_LabProject_Final/taska_CA_LabProject_Final/All_CA_Labs.srcs/sources_1/new/mux2.v" into library xil_defaultlib
INFO: [VRFC 10-311] analyzing module mux2
INFO: [VRFC 10-2263] Analyzing Verilog file "C:/Users/IBM/Desktop/taska_CA_LabProject_Final/taska_CA_LabProject_Final/All_CA_Labs.srcs/sources_1/new/pcAdder.v" into library xil_defaultlib
INFO: [VRFC 10-311] analyzing module pcAdder
INFO: [VRFC 10-2263] Analyzing Verilog file "C:/Users/IBM/Desktop/taska_CA_LabProject_Final/taska_CA_LabProject_Final/All_CA_Labs.srcs/sources_1/new/switches.v" into library xil_defaultlib
INFO: [VRFC 10-311] analyzing module switches
INFO: [VRFC 10-2263] Analyzing Verilog file "C:/Users/IBM/Desktop/taska_CA_LabProject_Final/taska_CA_LabProject_Final/All_CA_Labs.srcs/sources_1/new/instructionMemory.v" into library xil_defaultlib
INFO: [VRFC 10-311] analyzing module instructionMemory
INFO: [VRFC 10-2263] Analyzing Verilog file "C:/Users/IBM/Desktop/taska_CA_LabProject_Final/taska_CA_LabProject_Final/All_CA_Labs.srcs/sources_1/new/TopLevelProcessor.v" into library xil_defaultlib
INFO: [VRFC 10-311] analyzing module TopLevelProcessor
INFO: [VRFC 10-2263] Analyzing Verilog file "C:/Users/IBM/Desktop/taska_CA_LabProject_Final/taska_CA_LabProject_Final/All_CA_Labs.srcs/sources_1/new/RegisterFile.v" into library xil_defaultlib
INFO: [VRFC 10-311] analyzing module RegisterFile
INFO: [VRFC 10-2263] Analyzing Verilog file "C:/Users/IBM/Desktop/taska_CA_LabProject_Final/taska_CA_LabProject_Final/All_CA_Labs.srcs/sources_1/new/ALU.v" into library xil_defaultlib
INFO: [VRFC 10-311] analyzing module ALU
INFO: [VRFC 10-2263] Analyzing Verilog file "C:/Users/IBM/Desktop/taska_CA_LabProject_Final/taska_CA_LabProject_Final/All_CA_Labs.srcs/sources_1/new/ALU_1bit.v" into library xil_defaultlib
INFO: [VRFC 10-311] analyzing module ALU_1bit
INFO: [VRFC 10-2263] Analyzing Verilog file "C:/Users/IBM/Desktop/taska_CA_LabProject_Final/taska_CA_LabProject_Final/All_CA_Labs.srcs/sources_1/new/clkDivider.v" into library xil_defaultlib
INFO: [VRFC 10-311] analyzing module clkDivider
INFO: [VRFC 10-2263] Analyzing Verilog file "C:/Users/IBM/Desktop/taska_CA_LabProject_Final/taska_CA_LabProject_Final/All_CA_Labs.srcs/sources_1/new/FpgaTop.v" into library xil_defaultlib
INFO: [VRFC 10-311] analyzing module FpgaTop
INFO: [VRFC 10-2263] Analyzing Verilog file "C:/Users/IBM/Desktop/taska_CA_LabProject_Final/taska_CA_LabProject_Final/All_CA_Labs.srcs/sources_1/new/BinaryToBCD.v" into library xil_defaultlib
INFO: [VRFC 10-311] analyzing module BinaryToBCD
INFO: [VRFC 10-2263] Analyzing Verilog file "C:/Users/IBM/Desktop/taska_CA_LabProject_Final/taska_CA_LabProject_Final/All_CA_Labs.srcs/sources_1/new/SevenSegmentDecoder.v" into library xil_defaultlib
INFO: [VRFC 10-311] analyzing module SevenSegmentDecoder
INFO: [VRFC 10-2263] Analyzing Verilog file "C:/Users/IBM/Desktop/taska_CA_LabProject_Final/taska_CA_LabProject_Final/All_CA_Labs.srcs/sources_1/new/SevenSegmentDriver.v" into library xil_defaultlib
INFO: [VRFC 10-311] analyzing module SevenSegmentDriver
INFO: [VRFC 10-2263] Analyzing Verilog file "C:/Users/IBM/Desktop/taska_CA_LabProject_Final/taska_CA_LabProject_Final/All_CA_Labs.srcs/sim_1/new/tb_TaskA.v" into library xil_defaultlib
INFO: [VRFC 10-311] analyzing module tb_TaskA
