INFO: [VRFC 10-2263] Analyzing Verilog file "C:/Users/IBM/Desktop/CA_Labs_MyrahHussain_RomaisaShazad/CA_Labs_MyrahHussain_RomaisaShazad/All_CA_Labs/All_CA_Labs.srcs/sources_1/new/ALUControl.v" into library xil_defaultlib
INFO: [VRFC 10-311] analyzing module ALUControl
INFO: [VRFC 10-2263] Analyzing Verilog file "C:/Users/IBM/Desktop/CA_Labs_MyrahHussain_RomaisaShazad/CA_Labs_MyrahHussain_RomaisaShazad/All_CA_Labs/All_CA_Labs.srcs/sources_1/new/AddressDecoder.v" into library xil_defaultlib
INFO: [VRFC 10-311] analyzing module AddressDecoder
INFO: [VRFC 10-2263] Analyzing Verilog file "C:/Users/IBM/Desktop/CA_Labs_MyrahHussain_RomaisaShazad/CA_Labs_MyrahHussain_RomaisaShazad/All_CA_Labs/All_CA_Labs.srcs/sources_1/new/AddressDecoderTop.v" into library xil_defaultlib
INFO: [VRFC 10-311] analyzing module AddressDecoderTOP
INFO: [VRFC 10-2263] Analyzing Verilog file "C:/Users/IBM/Desktop/CA_Labs_MyrahHussain_RomaisaShazad/CA_Labs_MyrahHussain_RomaisaShazad/All_CA_Labs/All_CA_Labs.srcs/sources_1/new/DataMemory.v" into library xil_defaultlib
INFO: [VRFC 10-311] analyzing module DataMemory
INFO: [VRFC 10-2263] Analyzing Verilog file "C:/Users/IBM/Desktop/CA_Labs_MyrahHussain_RomaisaShazad/CA_Labs_MyrahHussain_RomaisaShazad/All_CA_Labs/All_CA_Labs.srcs/sources_1/new/Lab08_FSM.v" into library xil_defaultlib
INFO: [VRFC 10-311] analyzing module Lab08_FSM
INFO: [VRFC 10-2263] Analyzing Verilog file "C:/Users/IBM/Desktop/CA_Labs_MyrahHussain_RomaisaShazad/CA_Labs_MyrahHussain_RomaisaShazad/All_CA_Labs/All_CA_Labs.srcs/sources_1/new/Lab08_top.v" into library xil_defaultlib
INFO: [VRFC 10-311] analyzing module top_lab8
INFO: [VRFC 10-2263] Analyzing Verilog file "C:/Users/IBM/Desktop/CA_Labs_MyrahHussain_RomaisaShazad/CA_Labs_MyrahHussain_RomaisaShazad/All_CA_Labs/All_CA_Labs.srcs/sources_1/new/MainControl.v" into library xil_defaultlib
INFO: [VRFC 10-311] analyzing module MainControl
INFO: [VRFC 10-2263] Analyzing Verilog file "C:/Users/IBM/Desktop/CA_Labs_MyrahHussain_RomaisaShazad/CA_Labs_MyrahHussain_RomaisaShazad/All_CA_Labs/All_CA_Labs.srcs/sources_1/new/ProgramCounter.v" into library xil_defaultlib
INFO: [VRFC 10-311] analyzing module ProgramCounter
INFO: [VRFC 10-2263] Analyzing Verilog file "C:/Users/IBM/Desktop/CA_Labs_MyrahHussain_RomaisaShazad/CA_Labs_MyrahHussain_RomaisaShazad/All_CA_Labs/All_CA_Labs.srcs/sources_1/new/branchAdder.v" into library xil_defaultlib
INFO: [VRFC 10-311] analyzing module branchAdder
INFO: [VRFC 10-2263] Analyzing Verilog file "C:/Users/IBM/Desktop/CA_Labs_MyrahHussain_RomaisaShazad/CA_Labs_MyrahHussain_RomaisaShazad/All_CA_Labs/All_CA_Labs.srcs/sources_1/new/debouncer.v" into library xil_defaultlib
INFO: [VRFC 10-311] analyzing module debouncer
INFO: [VRFC 10-2263] Analyzing Verilog file "C:/Users/IBM/Desktop/CA_Labs_MyrahHussain_RomaisaShazad/CA_Labs_MyrahHussain_RomaisaShazad/All_CA_Labs/All_CA_Labs.srcs/sources_1/new/immGen.v" into library xil_defaultlib
INFO: [VRFC 10-311] analyzing module immGen
INFO: [VRFC 10-2263] Analyzing Verilog file "C:/Users/IBM/Desktop/CA_Labs_MyrahHussain_RomaisaShazad/CA_Labs_MyrahHussain_RomaisaShazad/All_CA_Labs/All_CA_Labs.srcs/sources_1/new/leds.v" into library xil_defaultlib
INFO: [VRFC 10-311] analyzing module leds
INFO: [VRFC 10-2263] Analyzing Verilog file "C:/Users/IBM/Desktop/CA_Labs_MyrahHussain_RomaisaShazad/CA_Labs_MyrahHussain_RomaisaShazad/All_CA_Labs/All_CA_Labs.srcs/sources_1/new/mux2.v" into library xil_defaultlib
INFO: [VRFC 10-311] analyzing module mux2
INFO: [VRFC 10-2263] Analyzing Verilog file "C:/Users/IBM/Desktop/CA_Labs_MyrahHussain_RomaisaShazad/CA_Labs_MyrahHussain_RomaisaShazad/All_CA_Labs/All_CA_Labs.srcs/sources_1/new/pcAdder.v" into library xil_defaultlib
INFO: [VRFC 10-311] analyzing module pcAdder
INFO: [VRFC 10-2263] Analyzing Verilog file "C:/Users/IBM/Desktop/CA_Labs_MyrahHussain_RomaisaShazad/CA_Labs_MyrahHussain_RomaisaShazad/All_CA_Labs/All_CA_Labs.srcs/sources_1/new/switches.v" into library xil_defaultlib
INFO: [VRFC 10-311] analyzing module switches
INFO: [VRFC 10-2263] Analyzing Verilog file "C:/Users/IBM/Desktop/CA_Labs_MyrahHussain_RomaisaShazad/CA_Labs_MyrahHussain_RomaisaShazad/All_CA_Labs/All_CA_Labs.srcs/sources_1/new/top_lab09.v" into library xil_defaultlib
INFO: [VRFC 10-311] analyzing module top_lab09
INFO: [VRFC 10-2263] Analyzing Verilog file "C:/Users/IBM/Desktop/CA_Labs_MyrahHussain_RomaisaShazad/CA_Labs_MyrahHussain_RomaisaShazad/All_CA_Labs/All_CA_Labs.srcs/sim_1/new/tb_lab11_task1.v" into library xil_defaultlib
INFO: [VRFC 10-311] analyzing module tb_lab11_task1
INFO: [VRFC 10-2263] Analyzing Verilog file "C:/Users/IBM/Desktop/CA_Labs_MyrahHussain_RomaisaShazad/CA_Labs_MyrahHussain_RomaisaShazad/All_CA_Labs/All_CA_Labs.srcs/sim_1/new/tb_lab09.v" into library xil_defaultlib
INFO: [VRFC 10-311] analyzing module tb_lab09
INFO: [VRFC 10-2263] Analyzing Verilog file "C:/Users/IBM/Desktop/CA_Labs_MyrahHussain_RomaisaShazad/CA_Labs_MyrahHussain_RomaisaShazad/All_CA_Labs/All_CA_Labs.srcs/sim_1/new/MemorySystem_tb.v" into library xil_defaultlib
INFO: [VRFC 10-311] analyzing module MemorySystem_tb
