#-----------------------------------------------------------
# Vivado v2020.1 (64-bit)
# SW Build 2902540 on Wed May 27 19:54:49 MDT 2020
# IP Build 2902112 on Wed May 27 22:43:36 MDT 2020
# Start of session at: Sun Apr 12 19:34:22 2026
# Process ID: 25840
# Current directory: C:/Users/IBM/Desktop/CA_Labs_MyrahHussain_RomaisaShazad/CA_Labs_MyrahHussain_RomaisaShazad/All_CA_Labs
# Command line: vivado.exe -gui_launcher_event rodinguilauncherevent25436 C:\Users\IBM\Desktop\CA_Labs_MyrahHussain_RomaisaShazad\CA_Labs_MyrahHussain_RomaisaShazad\All_CA_Labs\All_CA_Labs.xpr
# Log file: C:/Users/IBM/Desktop/CA_Labs_MyrahHussain_RomaisaShazad/CA_Labs_MyrahHussain_RomaisaShazad/All_CA_Labs/vivado.log
# Journal file: C:/Users/IBM/Desktop/CA_Labs_MyrahHussain_RomaisaShazad/CA_Labs_MyrahHussain_RomaisaShazad/All_CA_Labs\vivado.jou
#-----------------------------------------------------------
start_gui
open_project C:/Users/IBM/Desktop/CA_Labs_MyrahHussain_RomaisaShazad/CA_Labs_MyrahHussain_RomaisaShazad/All_CA_Labs/All_CA_Labs.xpr
INFO: [ProjectBase 1-489] The host OS only allows 260 characters in a normal path. The project is stored in a path with more than 80 characters. If you experience issues with IP, Block Designs, or files not being found, please consider moving the project to a location with a shorter path. Alternately consider using the OS subst command to map part of the path to a drive letter.
Current project path is 'C:/Users/IBM/Desktop/CA_Labs_MyrahHussain_RomaisaShazad/CA_Labs_MyrahHussain_RomaisaShazad/All_CA_Labs'
Scanning sources...
Finished scanning sources
INFO: [IP_Flow 19-234] Refreshing IP repositories
INFO: [IP_Flow 19-1704] No user IP repositories specified
INFO: [IP_Flow 19-2313] Loaded Vivado IP repository 'E:/Xilinx/Vivado/2020.1/data/ip'.
open_project: Time (s): cpu = 00:01:09 ; elapsed = 00:00:24 . Memory (MB): peak = 1026.840 ; gain = 0.000
update_compile_order -fileset sources_1
close [ open C:/Users/IBM/Desktop/CA_Labs_MyrahHussain_RomaisaShazad/CA_Labs_MyrahHussain_RomaisaShazad/All_CA_Labs/All_CA_Labs.srcs/sources_1/new/instructionMemory.v w ]
add_files C:/Users/IBM/Desktop/CA_Labs_MyrahHussain_RomaisaShazad/CA_Labs_MyrahHussain_RomaisaShazad/All_CA_Labs/All_CA_Labs.srcs/sources_1/new/instructionMemory.v
update_compile_order -fileset sources_1
set_property top instructionMemory [current_fileset]
update_compile_order -fileset sources_1
close [ open C:/Users/IBM/Desktop/CA_Labs_MyrahHussain_RomaisaShazad/CA_Labs_MyrahHussain_RomaisaShazad/All_CA_Labs/All_CA_Labs.srcs/sources_1/new/instruction.mem w ]
add_files C:/Users/IBM/Desktop/CA_Labs_MyrahHussain_RomaisaShazad/CA_Labs_MyrahHussain_RomaisaShazad/All_CA_Labs/All_CA_Labs.srcs/sources_1/new/instruction.mem
